2026-06-15 09:27:35,910 DEBUG    root            Loaded Command Group: ['gcloud', 'projects']
2026-06-15 09:27:35,917 DEBUG    root            Loaded Command Group: ['gcloud', 'projects', 'describe']
2026-06-15 09:27:35,919 DEBUG    root            Running [gcloud.projects.describe] with arguments: [--format: "value(projectNumber)", PROJECT_ID_OR_NUMBER: "project-a0a1f4bf-9c68-4b93-a84"]
2026-06-15 09:27:35,923 DEBUG    root            On GCE from disk cache: True
2026-06-15 09:27:35,933 DEBUG    root            On GCE from memory cache: True
2026-06-15 09:27:35,955 DEBUG    urllib3.connectionpool Starting new HTTPS connection (1): cloudresourcemanager.googleapis.com:443
2026-06-15 09:27:36,117 DEBUG    urllib3.connectionpool https://cloudresourcemanager.googleapis.com:443 "GET /v1/projects/project-a0a1f4bf-9c68-4b93-a84?alt=json HTTP/1.1" 403 None
2026-06-15 09:27:36,127 DEBUG    root            (gcloud.projects.describe) [323241830917-compute@developer.gserviceaccount.com] does not have permission to access projects instance [project-a0a1f4bf-9c68-4b93-a84] (or it may not exist): The caller does not have permission. This command is authenticated as 323241830917-compute@developer.gserviceaccount.com which is the active account specified by the [core/account] property
Traceback (most recent call last):
  File "/usr/bin/../lib/google-cloud-sdk/lib/googlecloudsdk/calliope/cli.py", line 941, in Execute
    resources = calliope_command.Run(cli=self, args=args)
  File "/usr/bin/../lib/google-cloud-sdk/lib/googlecloudsdk/calliope/backend.py", line 968, in Run
    resources = command_instance.Run(args)
  File "/usr/bin/../lib/google-cloud-sdk/lib/surface/projects/describe.py", line 48, in Run
    return projects_api.Get(project_ref)
           ~~~~~~~~~~~~~~~~^^^^^^^^^^^^^
  File "/usr/bin/../lib/google-cloud-sdk/lib/googlecloudsdk/api_lib/cloudresourcemanager/projects_api.py", line 126, in Get
    return client.projects.Get(
           ~~~~~~~~~~~~~~~~~~~^
        client.MESSAGES_MODULE.CloudresourcemanagerProjectsGetRequest(
        ^^^^^^^^^^^^^^^^^^^^^^^^^^^^^^^^^^^^^^^^^^^^^^^^^^^^^^^^^^^^^^
            projectId=project_ref.projectId))
            ^^^^^^^^^^^^^^^^^^^^^^^^^^^^^^^^^
  File "/usr/bin/../lib/google-cloud-sdk/lib/googlecloudsdk/generated_clients/apis/cloudresourcemanager/v1/cloudresourcemanager_v1_client.py", line 756, in Get
    return self._RunMethod(
           ~~~~~~~~~~~~~~~^
        config, request, global_params=global_params)
        ^^^^^^^^^^^^^^^^^^^^^^^^^^^^^^^^^^^^^^^^^^^^^
  File "/usr/bin/../lib/google-cloud-sdk/lib/third_party/apitools/base/py/base_api.py", line 747, in _RunMethod
    return self.ProcessHttpResponse(method_config, http_response, request)
           ~~~~~~~~~~~~~~~~~~~~~~~~^^^^^^^^^^^^^^^^^^^^^^^^^^^^^^^^^^^^^^^
  File "/usr/bin/../lib/google-cloud-sdk/lib/third_party/apitools/base/py/base_api.py", line 753, in ProcessHttpResponse
    self.__ProcessHttpResponse(method_config, http_response, request))
    ~~~~~~~~~~~~~~~~~~~~~~~~~~^^^^^^^^^^^^^^^^^^^^^^^^^^^^^^^^^^^^^^^
  File "/usr/bin/../lib/google-cloud-sdk/lib/third_party/apitools/base/py/base_api.py", line 612, in __ProcessHttpResponse
    raise exceptions.HttpError.FromResponse(
        http_response, method_config=method_config, request=request)
apitools.base.py.exceptions.HttpForbiddenError: HttpError accessing <https://cloudresourcemanager.googleapis.com/v1/projects/project-a0a1f4bf-9c68-4b93-a84?alt=json>: response: <{'vary': 'Origin, X-Origin, Referer', 'content-type': 'application/json; charset=UTF-8', 'content-encoding': 'gzip', 'date': 'Mon, 15 Jun 2026 09:27:36 GMT', 'server': 'ESF', 'x-xss-protection': '0', 'x-frame-options': 'SAMEORIGIN', 'x-content-type-options': 'nosniff', 'server-timing': 'gfet4t7; dur=150', 'transfer-encoding': 'chunked', 'status': 403}>, content <{
  "error": {
    "code": 403,
    "message": "The caller does not have permission",
    "status": "PERMISSION_DENIED"
  }
}
>
2026-06-15 09:27:36,130 ERROR    root            (gcloud.projects.describe) [323241830917-compute@developer.gserviceaccount.com] does not have permission to access projects instance [project-a0a1f4bf-9c68-4b93-a84] (or it may not exist): The caller does not have permission. This command is authenticated as 323241830917-compute@developer.gserviceaccount.com which is the active account specified by the [core/account] property
