2026-06-15 09:20:15,832 DEBUG    root            Loaded Command Group: ['gcloud', 'config']
2026-06-15 09:20:15,857 DEBUG    root            Loaded Command Group: ['gcloud', 'config', 'config_helper']
2026-06-15 09:20:15,859 DEBUG    root            Running [gcloud.config.config-helper] with arguments: [--format: "json", --min-expiry: "1800"]
2026-06-15 09:20:15,860 DEBUG    root            On GCE from disk cache: True
2026-06-15 09:20:15,881 DEBUG    root            Chosen display Format:default json
2026-06-15 09:20:15,882 INFO     root            Display format: "default json"
2026-06-15 09:20:15,933 INFO     ___FILE_ONLY___ {
  "configuration": {
    "active_configuration": "default",
    "properties": {
      "compute": {
        "region": "us-central1"
      },
      "core": {
        "account": "323241830917-compute@developer.gserviceaccount.com",
        "disable_usage_reporting": "True",
        "project": "project-a0a1f4bf-9c68-4b93-a84",
        "universe_domain": "googleapis.com"
      },
      "dataproc": {
        "region": "us-central1"
      }
    }
  },
  "credential": {
    "access_token": "ya29.c.c0AZ4bNpZpB0UuiAYVi4RvRbK2tC5rm0Lmr6Tw-RDvoy1_Kw8xv5BUY06U7awlT3HcXMQKE2tvKT5oAbXruclKzWlk1tFNAKt5-0XQit2_3TBEsJyL8i_SyAZuQV-VInZv2ndW3mxK6MlqXrzR9mX30xlGyBELCl6I34Cg19TcU69w7JHBGQYxHesExolxgsyNYZBVEmH8NKBj9PTqzeVELbP3IkjZQX9xFMep7LKLn3WX7gDIRNIR6CBY0ns3cHLqKNKtm3THrBrEX-97h8kJdgMgtb2sT6aeGJM5iwbbBq7j2vznn76qLZWVXmdLlfjlaF5OB_0Pr9k_kA1bhtP__45KTGpv9tfrol_UJoewR2kYohAuQnXCJfm-dEZsUBBfGg1dUb_jwIqHrS_C6FHaxAAG416DBpJn7oR_YyWyvjiOOvysStj__19d3pOquz1ats2ImUqRzRhOnhx3cVBzXIsvOR85ltn7YqlSqrbfg5VlkMhJ7djWe5WO4Yxg30VvRMWiuVWrl9V6jcuydRd1YsoI5sf8zju2j6r1nwpeVsZkOtb9xm9MY1Sx_rdSOXfxwVQcJJ_i4mlZdqWh0Vzu-Bk2kjJ8d4pf4YzehSm0oQdVlJcQ15sipQQZzQxwfhmV8brsIv9ZQnpiFw0-Xl2vaw-Y6o-m-w-IrJXycBeFR2WrZrZsBZsz8u-W3tUFtjp-oM6iQcUYyeUkF0a-B6r_I46urevi33FJxJvXmfzMW3jx6y07R0JV47502lirFnQulsOrsFf8fux1JJFV4catuQF2Qt9U4FesgpYIkUm7ZBVm5RpssFvSyrJM2uaUW0dlyci8iXBrUctIsOYo9Z4Mgnd8UZQpnVd-I4F7lXb8ocZvb29_Vx5OMyaqiQ5JrOVJuxxJ3Olxfj0pzQv1gQnawIIfrvZZ3m9JikiMM1pnU1px1mpot9dey5kbp5Oe5sUJdueqa2WjxM2nnh8vhvf6B--t1Zptb9jWowSe53qrB_jBBMYYOjU9oQl",
    "id_token": "eyJhbGciOiJSUzI1NiIsImtpZCI6IjMwMzViYjg2ZDk5ZjIyZTYxMzQ2N2E2NjgwODI1ZWViMGQ4MTM5YTIiLCJ0eXAiOiJKV1QifQ.eyJhdWQiOiIzMjU1NTk0MDU1OS5hcHBzLmdvb2dsZXVzZXJjb250ZW50LmNvbSIsImF6cCI6IjExMzI5NzIyNTczNDA1NTY2NDE4OCIsImV4cCI6MTc4MTUxODc1MiwiaWF0IjoxNzgxNTE1MTUyLCJpc3MiOiJodHRwczovL2FjY291bnRzLmdvb2dsZS5jb20iLCJzdWIiOiIxMTMyOTcyMjU3MzQwNTU2NjQxODgifQ.6zYxVx91ONQNU4SfjBUDa-gxdziVayZurRDhJwdBaQw39rmZneif_kHsuEUFeKvB_AqUYYTaYC8qVx2k1iWdHxBi9-1-HpHMKtHpuER-8k_XCUlRn1IFfbpEWcegPhcWZTqd_4xxOJsP_bUNMLQkyd2jNxA9x1LD0YZiaQzr0Yu5c5M0w15BdPZLkQGW7CXJDT9pnWhK16nbtYx8JtTJLFBlLomjsI1Lbx3z6Lb1S6Z_NtkGQTgZp6-C1JuH8MJV4cHd7CtSlRcY14-mZBz5gA33ApR8XjWsyvGMbmeoWTz9OPLB0bmnJi7dFe-2Okxn8T56QjNL9VAI7fOdV5iV8A",
    "token_expiry": "2026-06-15T10:19:11Z"
  },
  "sentinels": {
    "config_sentinel": "/home/jupyter/.config/gcloud/config_sentinel"
  }
}
2026-06-15 09:20:15,933 INFO     ___FILE_ONLY___ 

2026-06-15 09:20:15,942 DEBUG    root            SDK update checks are disabled.
